2026-05-10 16:51:03,504 | INFO | Parsed HTML -> C:\Users\sathv\OneDrive\Documents\data-sources\legal_scraper\parsed_json\property_rights\article_31_constitution.json
2026-05-10 16:51:03,507 | INFO | Parsed HTML -> C:\Users\sathv\OneDrive\Documents\data-sources\legal_scraper\parsed_json\property_rights\easements_act_1882.json
2026-05-10 16:51:03,511 | INFO | Parsed HTML -> C:\Users\sathv\OneDrive\Documents\data-sources\legal_scraper\parsed_json\property_rights\land_acquisition_act_1894.json
2026-05-10 16:51:03,514 | INFO | Parsed HTML -> C:\Users\sathv\OneDrive\Documents\data-sources\legal_scraper\parsed_json\property_rights\limitation_act_1963.json
2026-05-10 16:51:03,802 | INFO | Parsed HTML -> C:\Users\sathv\OneDrive\Documents\data-sources\legal_scraper\parsed_json\property_rights\limitation_act_section_18.json
2026-05-10 16:51:04,078 | INFO | Parsed HTML -> C:\Users\sathv\OneDrive\Documents\data-sources\legal_scraper\parsed_json\property_rights\limitation_act_section_27.json
2026-05-10 16:51:04,501 | INFO | Parsed HTML -> C:\Users\sathv\OneDrive\Documents\data-sources\legal_scraper\parsed_json\property_rights\property_rights_full_document_1.json
2026-05-10 16:51:04,504 | INFO | Parsed HTML -> C:\Users\sathv\OneDrive\Documents\data-sources\legal_scraper\parsed_json\property_rights\registration_act_1908.json
2026-05-10 16:51:04,824 | INFO | Parsed HTML -> C:\Users\sathv\OneDrive\Documents\data-sources\legal_scraper\parsed_json\property_rights\registration_act_section_49.json
2026-05-10 16:51:04,825 | INFO | Parsed HTML -> C:\Users\sathv\OneDrive\Documents\data-sources\legal_scraper\parsed_json\property_rights\transfer_of_property_act_1882.json
2026-05-10 16:51:05,036 | INFO | Parsed HTML -> C:\Users\sathv\OneDrive\Documents\data-sources\legal_scraper\parsed_json\property_rights\transfer_of_property_act_section_106.json
2026-05-10 16:51:05,257 | INFO | Parsed HTML -> C:\Users\sathv\OneDrive\Documents\data-sources\legal_scraper\parsed_json\property_rights\transfer_of_property_act_section_108.json
2026-05-10 16:51:05,272 | INFO | Parsed HTML -> C:\Users\sathv\OneDrive\Documents\data-sources\legal_scraper\parsed_json\property_rights\transfer_of_property_act_section_52.json
2026-05-10 16:51:05,505 | INFO | Parsed HTML -> C:\Users\sathv\OneDrive\Documents\data-sources\legal_scraper\parsed_json\property_rights\transfer_of_property_act_section_53a.json
2026-05-10 16:51:05,686 | INFO | Parsed HTML -> C:\Users\sathv\OneDrive\Documents\data-sources\legal_scraper\parsed_json\property_rights\transfer_of_property_act_section_54.json
2026-05-10 16:51:05,687 | INFO | Finished parsing. HTML files: 15 | PDF files: 0
2026-05-10 16:53:33,348 | INFO | Parsed HTML -> C:\Users\sathv\OneDrive\Documents\data-sources\legal_scraper\parsed_json\property_rights\article_31_constitution.json
2026-05-10 16:53:33,350 | INFO | Parsed HTML -> C:\Users\sathv\OneDrive\Documents\data-sources\legal_scraper\parsed_json\property_rights\easements_act_1882.json
2026-05-10 16:53:33,353 | INFO | Parsed HTML -> C:\Users\sathv\OneDrive\Documents\data-sources\legal_scraper\parsed_json\property_rights\land_acquisition_act_1894.json
2026-05-10 16:53:33,355 | INFO | Parsed HTML -> C:\Users\sathv\OneDrive\Documents\data-sources\legal_scraper\parsed_json\property_rights\limitation_act_1963.json
2026-05-10 16:53:33,365 | INFO | Parsed HTML -> C:\Users\sathv\OneDrive\Documents\data-sources\legal_scraper\parsed_json\property_rights\limitation_act_section_18.json
2026-05-10 16:53:33,376 | INFO | Parsed HTML -> C:\Users\sathv\OneDrive\Documents\data-sources\legal_scraper\parsed_json\property_rights\limitation_act_section_27.json
2026-05-10 16:53:33,473 | INFO | Parsed HTML -> C:\Users\sathv\OneDrive\Documents\data-sources\legal_scraper\parsed_json\property_rights\property_rights_full_document_1.json
2026-05-10 16:53:33,477 | INFO | Parsed HTML -> C:\Users\sathv\OneDrive\Documents\data-sources\legal_scraper\parsed_json\property_rights\registration_act_1908.json
2026-05-10 16:53:33,489 | INFO | Parsed HTML -> C:\Users\sathv\OneDrive\Documents\data-sources\legal_scraper\parsed_json\property_rights\registration_act_section_49.json
2026-05-10 16:53:33,491 | INFO | Parsed HTML -> C:\Users\sathv\OneDrive\Documents\data-sources\legal_scraper\parsed_json\property_rights\transfer_of_property_act_1882.json
2026-05-10 16:53:33,503 | INFO | Parsed HTML -> C:\Users\sathv\OneDrive\Documents\data-sources\legal_scraper\parsed_json\property_rights\transfer_of_property_act_section_106.json
2026-05-10 16:53:33,525 | INFO | Parsed HTML -> C:\Users\sathv\OneDrive\Documents\data-sources\legal_scraper\parsed_json\property_rights\transfer_of_property_act_section_108.json
2026-05-10 16:53:33,546 | INFO | Parsed HTML -> C:\Users\sathv\OneDrive\Documents\data-sources\legal_scraper\parsed_json\property_rights\transfer_of_property_act_section_52.json
2026-05-10 16:53:33,566 | INFO | Parsed HTML -> C:\Users\sathv\OneDrive\Documents\data-sources\legal_scraper\parsed_json\property_rights\transfer_of_property_act_section_53a.json
2026-05-10 16:53:33,580 | INFO | Parsed HTML -> C:\Users\sathv\OneDrive\Documents\data-sources\legal_scraper\parsed_json\property_rights\transfer_of_property_act_section_54.json
2026-05-10 16:53:33,580 | INFO | Finished parsing. HTML files: 15 | PDF files: 0
2026-05-10 17:03:54,578 | INFO | Parsed HTML -> C:\Users\sathv\OneDrive\Documents\data-sources\legal_scraper\parsed_json\property_rights\article_31_constitution.json
2026-05-10 17:03:54,817 | INFO | Parsed HTML -> C:\Users\sathv\OneDrive\Documents\data-sources\legal_scraper\parsed_json\property_rights\article_31_in_constitution_of_india.json
2026-05-10 17:03:55,649 | INFO | Parsed HTML -> C:\Users\sathv\OneDrive\Documents\data-sources\legal_scraper\parsed_json\property_rights\constitution.json
2026-05-10 17:03:56,026 | INFO | Parsed HTML -> C:\Users\sathv\OneDrive\Documents\data-sources\legal_scraper\parsed_json\property_rights\entire_act.json
2026-05-10 17:03:56,294 | INFO | Parsed HTML -> C:\Users\sathv\OneDrive\Documents\data-sources\legal_scraper\parsed_json\property_rights\full_document.json
2026-05-10 17:03:56,313 | INFO | Parsed HTML -> C:\Users\sathv\OneDrive\Documents\data-sources\legal_scraper\parsed_json\property_rights\limitation_act_section_18.json
2026-05-10 17:03:56,324 | INFO | Parsed HTML -> C:\Users\sathv\OneDrive\Documents\data-sources\legal_scraper\parsed_json\property_rights\limitation_act_section_27.json
2026-05-10 17:03:56,425 | INFO | Parsed HTML -> C:\Users\sathv\OneDrive\Documents\data-sources\legal_scraper\parsed_json\property_rights\property_rights_full_document_1.json
2026-05-10 17:03:56,450 | INFO | Parsed HTML -> C:\Users\sathv\OneDrive\Documents\data-sources\legal_scraper\parsed_json\property_rights\registration_act_section_49.json
2026-05-10 17:03:56,686 | INFO | Parsed HTML -> C:\Users\sathv\OneDrive\Documents\data-sources\legal_scraper\parsed_json\property_rights\section_106_in_the_transfer_of_property_act_1882.json
2026-05-10 17:03:56,940 | INFO | Parsed HTML -> C:\Users\sathv\OneDrive\Documents\data-sources\legal_scraper\parsed_json\property_rights\section_108_in_the_transfer_of_property_act_1882.json
2026-05-10 17:03:57,201 | INFO | Parsed HTML -> C:\Users\sathv\OneDrive\Documents\data-sources\legal_scraper\parsed_json\property_rights\section_124_in_the_transfer_of_property_act_1882.json
2026-05-10 17:03:57,454 | INFO | Parsed HTML -> C:\Users\sathv\OneDrive\Documents\data-sources\legal_scraper\parsed_json\property_rights\section_133_in_the_transfer_of_property_act_1882.json
2026-05-10 17:03:57,752 | INFO | Parsed HTML -> C:\Users\sathv\OneDrive\Documents\data-sources\legal_scraper\parsed_json\property_rights\section_17_in_the_income_tax_act_1961.json
2026-05-10 17:03:58,076 | INFO | Parsed HTML -> C:\Users\sathv\OneDrive\Documents\data-sources\legal_scraper\parsed_json\property_rights\section_18_in_the_limitation_act_1963.json
2026-05-10 17:03:58,377 | INFO | Parsed HTML -> C:\Users\sathv\OneDrive\Documents\data-sources\legal_scraper\parsed_json\property_rights\section_27_in_the_limitation_act_1963.json
2026-05-10 17:03:58,398 | INFO | Parsed HTML -> C:\Users\sathv\OneDrive\Documents\data-sources\legal_scraper\parsed_json\property_rights\section_2_in_the_commercial_courts_commercial_division_and_commercial_appellate_division_of_high_courts_act_2015.json
2026-05-10 17:03:58,647 | INFO | Parsed HTML -> C:\Users\sathv\OneDrive\Documents\data-sources\legal_scraper\parsed_json\property_rights\section_2_in_the_government_grants_act_1895.json
2026-05-10 17:03:58,849 | INFO | Parsed HTML -> C:\Users\sathv\OneDrive\Documents\data-sources\legal_scraper\parsed_json\property_rights\section_32_in_the_transfer_of_property_act_1882.json
2026-05-10 17:03:59,123 | INFO | Parsed HTML -> C:\Users\sathv\OneDrive\Documents\data-sources\legal_scraper\parsed_json\property_rights\section_394_in_the_companies_act_1956.json
2026-05-10 17:03:59,408 | INFO | Parsed HTML -> C:\Users\sathv\OneDrive\Documents\data-sources\legal_scraper\parsed_json\property_rights\section_3_in_the_competition_act_2002.json
2026-05-10 17:03:59,672 | INFO | Parsed HTML -> C:\Users\sathv\OneDrive\Documents\data-sources\legal_scraper\parsed_json\property_rights\section_3_in_the_transfer_of_property_act_1882.json
2026-05-10 17:03:59,939 | INFO | Parsed HTML -> C:\Users\sathv\OneDrive\Documents\data-sources\legal_scraper\parsed_json\property_rights\section_41_in_the_transfer_of_property_act_1882.json
2026-05-10 17:04:00,282 | INFO | Parsed HTML -> C:\Users\sathv\OneDrive\Documents\data-sources\legal_scraper\parsed_json\property_rights\section_49_in_the_registration_act_1908.json
2026-05-10 17:04:00,540 | INFO | Parsed HTML -> C:\Users\sathv\OneDrive\Documents\data-sources\legal_scraper\parsed_json\property_rights\section_52_in_the_transfer_of_property_act_1882.json
2026-05-10 17:04:00,790 | INFO | Parsed HTML -> C:\Users\sathv\OneDrive\Documents\data-sources\legal_scraper\parsed_json\property_rights\section_53a_in_the_transfer_of_property_act_1882.json
2026-05-10 17:04:01,063 | INFO | Parsed HTML -> C:\Users\sathv\OneDrive\Documents\data-sources\legal_scraper\parsed_json\property_rights\section_53_in_the_transfer_of_property_act_1882.json
2026-05-10 17:04:01,334 | INFO | Parsed HTML -> C:\Users\sathv\OneDrive\Documents\data-sources\legal_scraper\parsed_json\property_rights\section_54_in_the_transfer_of_property_act_1882.json
2026-05-10 17:04:01,499 | INFO | Parsed HTML -> C:\Users\sathv\OneDrive\Documents\data-sources\legal_scraper\parsed_json\property_rights\section_5_in_the_hindu_women_s_rights_to_property_act_1937.json
2026-05-10 17:04:01,756 | INFO | Parsed HTML -> C:\Users\sathv\OneDrive\Documents\data-sources\legal_scraper\parsed_json\property_rights\section_85_in_the_transfer_of_property_act_1882.json
2026-05-10 17:04:02,051 | INFO | Parsed HTML -> C:\Users\sathv\OneDrive\Documents\data-sources\legal_scraper\parsed_json\property_rights\section_88_in_bihar_reorganisation_act_2000.json
2026-05-10 17:04:02,326 | INFO | Parsed HTML -> C:\Users\sathv\OneDrive\Documents\data-sources\legal_scraper\parsed_json\property_rights\section_90_in_the_transfer_of_property_act_1882.json
2026-05-10 17:04:02,633 | INFO | Parsed HTML -> C:\Users\sathv\OneDrive\Documents\data-sources\legal_scraper\parsed_json\property_rights\section_9_in_the_income_tax_act_1961.json
2026-05-10 17:04:03,088 | INFO | Parsed HTML -> C:\Users\sathv\OneDrive\Documents\data-sources\legal_scraper\parsed_json\property_rights\transfer_of_property_act_1977.json
2026-05-10 17:04:03,099 | INFO | Parsed HTML -> C:\Users\sathv\OneDrive\Documents\data-sources\legal_scraper\parsed_json\property_rights\transfer_of_property_act_section_106.json
2026-05-10 17:04:03,111 | INFO | Parsed HTML -> C:\Users\sathv\OneDrive\Documents\data-sources\legal_scraper\parsed_json\property_rights\transfer_of_property_act_section_108.json
2026-05-10 17:04:03,118 | INFO | Parsed HTML -> C:\Users\sathv\OneDrive\Documents\data-sources\legal_scraper\parsed_json\property_rights\transfer_of_property_act_section_52.json
2026-05-10 17:04:03,128 | INFO | Parsed HTML -> C:\Users\sathv\OneDrive\Documents\data-sources\legal_scraper\parsed_json\property_rights\transfer_of_property_act_section_53a.json
2026-05-10 17:04:03,139 | INFO | Parsed HTML -> C:\Users\sathv\OneDrive\Documents\data-sources\legal_scraper\parsed_json\property_rights\transfer_of_property_act_section_54.json
2026-05-10 17:04:03,806 | INFO | Parsed PDF -> C:\Users\sathv\OneDrive\Documents\data-sources\legal_scraper\parsed_json\property_rights\constitution_2.json
2026-05-10 17:04:03,806 | INFO | Finished parsing. HTML files: 39 | PDF files: 1
2026-05-10 17:06:36,718 | INFO | Parsed HTML -> C:\Users\sathv\OneDrive\Documents\data-sources\legal_scraper\parsed_json\property_rights\article_31_constitution.json
2026-05-10 17:06:36,733 | INFO | Parsed HTML -> C:\Users\sathv\OneDrive\Documents\data-sources\legal_scraper\parsed_json\property_rights\article_31_in_constitution_of_india.json
2026-05-10 17:06:37,040 | INFO | Parsed HTML -> C:\Users\sathv\OneDrive\Documents\data-sources\legal_scraper\parsed_json\property_rights\article_31_in_constitution_of_india_doc_354224.json
2026-05-10 17:06:37,700 | INFO | Parsed HTML -> C:\Users\sathv\OneDrive\Documents\data-sources\legal_scraper\parsed_json\property_rights\constitution.json
2026-05-10 17:06:38,724 | INFO | Parsed HTML -> C:\Users\sathv\OneDrive\Documents\data-sources\legal_scraper\parsed_json\property_rights\constitution_doc_237570.json
2026-05-10 17:06:38,744 | INFO | Parsed HTML -> C:\Users\sathv\OneDrive\Documents\data-sources\legal_scraper\parsed_json\property_rights\entire_act.json
2026-05-10 17:06:39,258 | INFO | Parsed HTML -> C:\Users\sathv\OneDrive\Documents\data-sources\legal_scraper\parsed_json\property_rights\entire_act_doc_1054471.json
2026-05-10 17:06:40,009 | INFO | Parsed HTML -> C:\Users\sathv\OneDrive\Documents\data-sources\legal_scraper\parsed_json\property_rights\entire_act_doc_1113485.json
2026-05-10 17:06:40,466 | INFO | Parsed HTML -> C:\Users\sathv\OneDrive\Documents\data-sources\legal_scraper\parsed_json\property_rights\entire_act_doc_1317393.json
2026-05-10 17:06:43,312 | INFO | Parsed HTML -> C:\Users\sathv\OneDrive\Documents\data-sources\legal_scraper\parsed_json\property_rights\entire_act_doc_1353758.json
2026-05-10 17:06:43,445 | INFO | Parsed HTML -> C:\Users\sathv\OneDrive\Documents\data-sources\legal_scraper\parsed_json\property_rights\entire_act_doc_1489134.json
2026-05-10 17:06:43,462 | INFO | Parsed HTML -> C:\Users\sathv\OneDrive\Documents\data-sources\legal_scraper\parsed_json\property_rights\entire_act_doc_1625086.json
2026-05-10 17:06:43,551 | INFO | Parsed HTML -> C:\Users\sathv\OneDrive\Documents\data-sources\legal_scraper\parsed_json\property_rights\entire_act_doc_34300021.json
2026-05-10 17:06:43,641 | INFO | Parsed HTML -> C:\Users\sathv\OneDrive\Documents\data-sources\legal_scraper\parsed_json\property_rights\entire_act_doc_515323.json
2026-05-10 17:06:46,574 | INFO | Parsed HTML -> C:\Users\sathv\OneDrive\Documents\data-sources\legal_scraper\parsed_json\property_rights\entire_act_doc_789969.json
2026-05-10 17:06:46,590 | INFO | Parsed HTML -> C:\Users\sathv\OneDrive\Documents\data-sources\legal_scraper\parsed_json\property_rights\entire_act_doc_80896406.json
2026-05-10 17:06:46,640 | INFO | Parsed HTML -> C:\Users\sathv\OneDrive\Documents\data-sources\legal_scraper\parsed_json\property_rights\full_document.json
2026-05-10 17:06:46,682 | INFO | Parsed HTML -> C:\Users\sathv\OneDrive\Documents\data-sources\legal_scraper\parsed_json\property_rights\full_document_doc_1026163.json
2026-05-10 17:06:46,770 | INFO | Parsed HTML -> C:\Users\sathv\OneDrive\Documents\data-sources\legal_scraper\parsed_json\property_rights\full_document_doc_104763396.json
2026-05-10 17:06:46,808 | INFO | Parsed HTML -> C:\Users\sathv\OneDrive\Documents\data-sources\legal_scraper\parsed_json\property_rights\full_document_doc_105961750.json
2026-05-10 17:06:46,849 | INFO | Parsed HTML -> C:\Users\sathv\OneDrive\Documents\data-sources\legal_scraper\parsed_json\property_rights\full_document_doc_1064891.json
2026-05-10 17:06:46,885 | INFO | Parsed HTML -> C:\Users\sathv\OneDrive\Documents\data-sources\legal_scraper\parsed_json\property_rights\full_document_doc_107503577.json
2026-05-10 17:06:46,917 | INFO | Parsed HTML -> C:\Users\sathv\OneDrive\Documents\data-sources\legal_scraper\parsed_json\property_rights\full_document_doc_1076997.json
2026-05-10 17:06:46,949 | INFO | Parsed HTML -> C:\Users\sathv\OneDrive\Documents\data-sources\legal_scraper\parsed_json\property_rights\full_document_doc_109322779.json
2026-05-10 17:06:46,978 | INFO | Parsed HTML -> C:\Users\sathv\OneDrive\Documents\data-sources\legal_scraper\parsed_json\property_rights\full_document_doc_1105235.json
2026-05-10 17:06:47,011 | INFO | Parsed HTML -> C:\Users\sathv\OneDrive\Documents\data-sources\legal_scraper\parsed_json\property_rights\full_document_doc_1120139.json
2026-05-10 17:06:47,050 | INFO | Parsed HTML -> C:\Users\sathv\OneDrive\Documents\data-sources\legal_scraper\parsed_json\property_rights\full_document_doc_1144731.json
2026-05-10 17:06:47,089 | INFO | Parsed HTML -> C:\Users\sathv\OneDrive\Documents\data-sources\legal_scraper\parsed_json\property_rights\full_document_doc_1151186.json
2026-05-10 17:06:47,353 | INFO | Parsed HTML -> C:\Users\sathv\OneDrive\Documents\data-sources\legal_scraper\parsed_json\property_rights\full_document_doc_1158507.json
2026-05-10 17:06:47,762 | INFO | Parsed HTML -> C:\Users\sathv\OneDrive\Documents\data-sources\legal_scraper\parsed_json\property_rights\full_document_doc_1159099.json
2026-05-10 17:06:48,079 | INFO | Parsed HTML -> C:\Users\sathv\OneDrive\Documents\data-sources\legal_scraper\parsed_json\property_rights\full_document_doc_1172174.json
2026-05-10 17:06:48,364 | INFO | Parsed HTML -> C:\Users\sathv\OneDrive\Documents\data-sources\legal_scraper\parsed_json\property_rights\full_document_doc_119689183.json
2026-05-10 17:06:48,598 | INFO | Parsed HTML -> C:\Users\sathv\OneDrive\Documents\data-sources\legal_scraper\parsed_json\property_rights\full_document_doc_1243615.json
2026-05-10 17:06:48,633 | INFO | Parsed HTML -> C:\Users\sathv\OneDrive\Documents\data-sources\legal_scraper\parsed_json\property_rights\full_document_doc_124606142.json
2026-05-10 17:06:48,671 | INFO | Parsed HTML -> C:\Users\sathv\OneDrive\Documents\data-sources\legal_scraper\parsed_json\property_rights\full_document_doc_1269771.json
2026-05-10 17:06:48,706 | INFO | Parsed HTML -> C:\Users\sathv\OneDrive\Documents\data-sources\legal_scraper\parsed_json\property_rights\full_document_doc_1296130.json
2026-05-10 17:06:48,762 | INFO | Parsed HTML -> C:\Users\sathv\OneDrive\Documents\data-sources\legal_scraper\parsed_json\property_rights\full_document_doc_130835646.json
2026-05-10 17:06:48,816 | INFO | Parsed HTML -> C:\Users\sathv\OneDrive\Documents\data-sources\legal_scraper\parsed_json\property_rights\full_document_doc_133044387.json
2026-05-10 17:06:48,866 | INFO | Parsed HTML -> C:\Users\sathv\OneDrive\Documents\data-sources\legal_scraper\parsed_json\property_rights\full_document_doc_133190430.json
2026-05-10 17:06:48,915 | INFO | Parsed HTML -> C:\Users\sathv\OneDrive\Documents\data-sources\legal_scraper\parsed_json\property_rights\full_document_doc_139118497.json
2026-05-10 17:06:48,958 | INFO | Parsed HTML -> C:\Users\sathv\OneDrive\Documents\data-sources\legal_scraper\parsed_json\property_rights\full_document_doc_144094123.json
2026-05-10 17:06:48,985 | INFO | Parsed HTML -> C:\Users\sathv\OneDrive\Documents\data-sources\legal_scraper\parsed_json\property_rights\full_document_doc_145802579.json
2026-05-10 17:06:49,028 | INFO | Parsed HTML -> C:\Users\sathv\OneDrive\Documents\data-sources\legal_scraper\parsed_json\property_rights\full_document_doc_1473261.json
2026-05-10 17:06:49,059 | INFO | Parsed HTML -> C:\Users\sathv\OneDrive\Documents\data-sources\legal_scraper\parsed_json\property_rights\full_document_doc_1480466.json
2026-05-10 17:06:49,099 | INFO | Parsed HTML -> C:\Users\sathv\OneDrive\Documents\data-sources\legal_scraper\parsed_json\property_rights\full_document_doc_1543285.json
2026-05-10 17:06:49,123 | INFO | Parsed HTML -> C:\Users\sathv\OneDrive\Documents\data-sources\legal_scraper\parsed_json\property_rights\full_document_doc_1549108.json
2026-05-10 17:06:49,148 | INFO | Parsed HTML -> C:\Users\sathv\OneDrive\Documents\data-sources\legal_scraper\parsed_json\property_rights\full_document_doc_1577160.json
2026-05-10 17:06:49,176 | INFO | Parsed HTML -> C:\Users\sathv\OneDrive\Documents\data-sources\legal_scraper\parsed_json\property_rights\full_document_doc_1577485.json
2026-05-10 17:06:49,205 | INFO | Parsed HTML -> C:\Users\sathv\OneDrive\Documents\data-sources\legal_scraper\parsed_json\property_rights\full_document_doc_1582713.json
2026-05-10 17:06:49,254 | INFO | Parsed HTML -> C:\Users\sathv\OneDrive\Documents\data-sources\legal_scraper\parsed_json\property_rights\full_document_doc_162636106.json
2026-05-10 17:06:49,442 | INFO | Parsed HTML -> C:\Users\sathv\OneDrive\Documents\data-sources\legal_scraper\parsed_json\property_rights\full_document_doc_164038868.json
2026-05-10 17:06:49,475 | INFO | Parsed HTML -> C:\Users\sathv\OneDrive\Documents\data-sources\legal_scraper\parsed_json\property_rights\full_document_doc_167005194.json
2026-05-10 17:06:49,497 | INFO | Parsed HTML -> C:\Users\sathv\OneDrive\Documents\data-sources\legal_scraper\parsed_json\property_rights\full_document_doc_1692328.json
2026-05-10 17:06:49,535 | INFO | Parsed HTML -> C:\Users\sathv\OneDrive\Documents\data-sources\legal_scraper\parsed_json\property_rights\full_document_doc_1693310.json
2026-05-10 17:06:49,571 | INFO | Parsed HTML -> C:\Users\sathv\OneDrive\Documents\data-sources\legal_scraper\parsed_json\property_rights\full_document_doc_1699784.json
2026-05-10 17:06:49,615 | INFO | Parsed HTML -> C:\Users\sathv\OneDrive\Documents\data-sources\legal_scraper\parsed_json\property_rights\full_document_doc_170098957.json
2026-05-10 17:06:49,758 | INFO | Parsed HTML -> C:\Users\sathv\OneDrive\Documents\data-sources\legal_scraper\parsed_json\property_rights\full_document_doc_170521216.json
2026-05-10 17:06:49,791 | INFO | Parsed HTML -> C:\Users\sathv\OneDrive\Documents\data-sources\legal_scraper\parsed_json\property_rights\full_document_doc_170891220.json
2026-05-10 17:06:49,816 | INFO | Parsed HTML -> C:\Users\sathv\OneDrive\Documents\data-sources\legal_scraper\parsed_json\property_rights\full_document_doc_1711998.json
2026-05-10 17:06:49,843 | INFO | Parsed HTML -> C:\Users\sathv\OneDrive\Documents\data-sources\legal_scraper\parsed_json\property_rights\full_document_doc_1728726.json
2026-05-10 17:06:50,094 | INFO | Parsed HTML -> C:\Users\sathv\OneDrive\Documents\data-sources\legal_scraper\parsed_json\property_rights\full_document_doc_1789611.json
2026-05-10 17:06:50,342 | INFO | Parsed HTML -> C:\Users\sathv\OneDrive\Documents\data-sources\legal_scraper\parsed_json\property_rights\full_document_doc_18042.json
2026-05-10 17:06:50,599 | INFO | Parsed HTML -> C:\Users\sathv\OneDrive\Documents\data-sources\legal_scraper\parsed_json\property_rights\full_document_doc_1824281.json
2026-05-10 17:06:50,633 | INFO | Parsed HTML -> C:\Users\sathv\OneDrive\Documents\data-sources\legal_scraper\parsed_json\property_rights\full_document_doc_1828002.json
2026-05-10 17:06:50,663 | INFO | Parsed HTML -> C:\Users\sathv\OneDrive\Documents\data-sources\legal_scraper\parsed_json\property_rights\full_document_doc_1832909.json
2026-05-10 17:06:50,691 | INFO | Parsed HTML -> C:\Users\sathv\OneDrive\Documents\data-sources\legal_scraper\parsed_json\property_rights\full_document_doc_1853142.json
2026-05-10 17:06:50,726 | INFO | Parsed HTML -> C:\Users\sathv\OneDrive\Documents\data-sources\legal_scraper\parsed_json\property_rights\full_document_doc_185464130.json
2026-05-10 17:06:50,762 | INFO | Parsed HTML -> C:\Users\sathv\OneDrive\Documents\data-sources\legal_scraper\parsed_json\property_rights\full_document_doc_1863270.json
2026-05-10 17:06:50,892 | INFO | Parsed HTML -> C:\Users\sathv\OneDrive\Documents\data-sources\legal_scraper\parsed_json\property_rights\full_document_doc_187154176.json
2026-05-10 17:06:50,924 | INFO | Parsed HTML -> C:\Users\sathv\OneDrive\Documents\data-sources\legal_scraper\parsed_json\property_rights\full_document_doc_194561470.json
2026-05-10 17:06:50,953 | INFO | Parsed HTML -> C:\Users\sathv\OneDrive\Documents\data-sources\legal_scraper\parsed_json\property_rights\full_document_doc_198934.json
2026-05-10 17:06:50,988 | INFO | Parsed HTML -> C:\Users\sathv\OneDrive\Documents\data-sources\legal_scraper\parsed_json\property_rights\full_document_doc_199952089.json
2026-05-10 17:06:51,016 | INFO | Parsed HTML -> C:\Users\sathv\OneDrive\Documents\data-sources\legal_scraper\parsed_json\property_rights\full_document_doc_199960465.json
2026-05-10 17:06:51,046 | INFO | Parsed HTML -> C:\Users\sathv\OneDrive\Documents\data-sources\legal_scraper\parsed_json\property_rights\full_document_doc_213340.json
2026-05-10 17:06:51,109 | INFO | Parsed HTML -> C:\Users\sathv\OneDrive\Documents\data-sources\legal_scraper\parsed_json\property_rights\full_document_doc_21713401.json
2026-05-10 17:06:51,160 | INFO | Parsed HTML -> C:\Users\sathv\OneDrive\Documents\data-sources\legal_scraper\parsed_json\property_rights\full_document_doc_225447.json
2026-05-10 17:06:51,187 | INFO | Parsed HTML -> C:\Users\sathv\OneDrive\Documents\data-sources\legal_scraper\parsed_json\property_rights\full_document_doc_22584916.json
2026-05-10 17:06:51,225 | INFO | Parsed HTML -> C:\Users\sathv\OneDrive\Documents\data-sources\legal_scraper\parsed_json\property_rights\full_document_doc_251353.json
2026-05-10 17:06:51,282 | INFO | Parsed HTML -> C:\Users\sathv\OneDrive\Documents\data-sources\legal_scraper\parsed_json\property_rights\full_document_doc_28740054.json
2026-05-10 17:06:51,326 | INFO | Parsed HTML -> C:\Users\sathv\OneDrive\Documents\data-sources\legal_scraper\parsed_json\property_rights\full_document_doc_288997.json
2026-05-10 17:06:51,358 | INFO | Parsed HTML -> C:\Users\sathv\OneDrive\Documents\data-sources\legal_scraper\parsed_json\property_rights\full_document_doc_29295224.json
2026-05-10 17:06:51,395 | INFO | Parsed HTML -> C:\Users\sathv\OneDrive\Documents\data-sources\legal_scraper\parsed_json\property_rights\full_document_doc_313181.json
2026-05-10 17:06:51,425 | INFO | Parsed HTML -> C:\Users\sathv\OneDrive\Documents\data-sources\legal_scraper\parsed_json\property_rights\full_document_doc_32811487.json
2026-05-10 17:06:51,456 | INFO | Parsed HTML -> C:\Users\sathv\OneDrive\Documents\data-sources\legal_scraper\parsed_json\property_rights\full_document_doc_363815.json
2026-05-10 17:06:51,486 | INFO | Parsed HTML -> C:\Users\sathv\OneDrive\Documents\data-sources\legal_scraper\parsed_json\property_rights\full_document_doc_37313227.json
2026-05-10 17:06:51,506 | INFO | Parsed HTML -> C:\Users\sathv\OneDrive\Documents\data-sources\legal_scraper\parsed_json\property_rights\full_document_doc_392129.json
2026-05-10 17:06:51,551 | INFO | Parsed HTML -> C:\Users\sathv\OneDrive\Documents\data-sources\legal_scraper\parsed_json\property_rights\full_document_doc_397599.json
2026-05-10 17:06:51,580 | INFO | Parsed HTML -> C:\Users\sathv\OneDrive\Documents\data-sources\legal_scraper\parsed_json\property_rights\full_document_doc_46863673.json
2026-05-10 17:06:51,617 | INFO | Parsed HTML -> C:\Users\sathv\OneDrive\Documents\data-sources\legal_scraper\parsed_json\property_rights\full_document_doc_51153749.json
2026-05-10 17:06:51,656 | INFO | Parsed HTML -> C:\Users\sathv\OneDrive\Documents\data-sources\legal_scraper\parsed_json\property_rights\full_document_doc_511962.json
2026-05-10 17:06:51,755 | INFO | Parsed HTML -> C:\Users\sathv\OneDrive\Documents\data-sources\legal_scraper\parsed_json\property_rights\full_document_doc_51906627.json
2026-05-10 17:06:51,782 | INFO | Parsed HTML -> C:\Users\sathv\OneDrive\Documents\data-sources\legal_scraper\parsed_json\property_rights\full_document_doc_52028.json
2026-05-10 17:06:51,805 | INFO | Parsed HTML -> C:\Users\sathv\OneDrive\Documents\data-sources\legal_scraper\parsed_json\property_rights\full_document_doc_526339.json
2026-05-10 17:06:51,834 | INFO | Parsed HTML -> C:\Users\sathv\OneDrive\Documents\data-sources\legal_scraper\parsed_json\property_rights\full_document_doc_529047.json
2026-05-10 17:06:51,889 | INFO | Parsed HTML -> C:\Users\sathv\OneDrive\Documents\data-sources\legal_scraper\parsed_json\property_rights\full_document_doc_54544239.json
2026-05-10 17:06:51,915 | INFO | Parsed HTML -> C:\Users\sathv\OneDrive\Documents\data-sources\legal_scraper\parsed_json\property_rights\full_document_doc_547266.json
2026-05-10 17:06:51,946 | INFO | Parsed HTML -> C:\Users\sathv\OneDrive\Documents\data-sources\legal_scraper\parsed_json\property_rights\full_document_doc_59657876.json
2026-05-10 17:06:51,980 | INFO | Parsed HTML -> C:\Users\sathv\OneDrive\Documents\data-sources\legal_scraper\parsed_json\property_rights\full_document_doc_598874.json
2026-05-10 17:06:52,031 | INFO | Parsed HTML -> C:\Users\sathv\OneDrive\Documents\data-sources\legal_scraper\parsed_json\property_rights\full_document_doc_680600.json
2026-05-10 17:06:52,113 | INFO | Parsed HTML -> C:\Users\sathv\OneDrive\Documents\data-sources\legal_scraper\parsed_json\property_rights\full_document_doc_69542729.json
2026-05-10 17:06:52,168 | INFO | Parsed HTML -> C:\Users\sathv\OneDrive\Documents\data-sources\legal_scraper\parsed_json\property_rights\full_document_doc_72126677.json
2026-05-10 17:06:52,218 | INFO | Parsed HTML -> C:\Users\sathv\OneDrive\Documents\data-sources\legal_scraper\parsed_json\property_rights\full_document_doc_72595235.json
2026-05-10 17:06:52,247 | INFO | Parsed HTML -> C:\Users\sathv\OneDrive\Documents\data-sources\legal_scraper\parsed_json\property_rights\full_document_doc_759043.json
2026-05-10 17:06:52,277 | INFO | Parsed HTML -> C:\Users\sathv\OneDrive\Documents\data-sources\legal_scraper\parsed_json\property_rights\full_document_doc_77046585.json
2026-05-10 17:06:52,305 | INFO | Parsed HTML -> C:\Users\sathv\OneDrive\Documents\data-sources\legal_scraper\parsed_json\property_rights\full_document_doc_772855.json
2026-05-10 17:06:52,337 | INFO | Parsed HTML -> C:\Users\sathv\OneDrive\Documents\data-sources\legal_scraper\parsed_json\property_rights\full_document_doc_79945213.json
2026-05-10 17:06:52,398 | INFO | Parsed HTML -> C:\Users\sathv\OneDrive\Documents\data-sources\legal_scraper\parsed_json\property_rights\full_document_doc_803172.json
2026-05-10 17:06:52,448 | INFO | Parsed HTML -> C:\Users\sathv\OneDrive\Documents\data-sources\legal_scraper\parsed_json\property_rights\full_document_doc_82084445.json
2026-05-10 17:06:52,471 | INFO | Parsed HTML -> C:\Users\sathv\OneDrive\Documents\data-sources\legal_scraper\parsed_json\property_rights\full_document_doc_838599.json
2026-05-10 17:06:52,550 | INFO | Parsed HTML -> C:\Users\sathv\OneDrive\Documents\data-sources\legal_scraper\parsed_json\property_rights\full_document_doc_849616.json
2026-05-10 17:06:52,581 | INFO | Parsed HTML -> C:\Users\sathv\OneDrive\Documents\data-sources\legal_scraper\parsed_json\property_rights\full_document_doc_870157.json
2026-05-10 17:06:52,600 | INFO | Parsed HTML -> C:\Users\sathv\OneDrive\Documents\data-sources\legal_scraper\parsed_json\property_rights\full_document_doc_874420.json
2026-05-10 17:06:52,645 | INFO | Parsed HTML -> C:\Users\sathv\OneDrive\Documents\data-sources\legal_scraper\parsed_json\property_rights\full_document_doc_87985652.json
2026-05-10 17:06:52,673 | INFO | Parsed HTML -> C:\Users\sathv\OneDrive\Documents\data-sources\legal_scraper\parsed_json\property_rights\full_document_doc_88482064.json
2026-05-10 17:06:52,724 | INFO | Parsed HTML -> C:\Users\sathv\OneDrive\Documents\data-sources\legal_scraper\parsed_json\property_rights\full_document_doc_91595011.json
2026-05-10 17:06:52,783 | INFO | Parsed HTML -> C:\Users\sathv\OneDrive\Documents\data-sources\legal_scraper\parsed_json\property_rights\full_document_doc_96085858.json
2026-05-10 17:06:52,808 | INFO | Parsed HTML -> C:\Users\sathv\OneDrive\Documents\data-sources\legal_scraper\parsed_json\property_rights\full_document_doc_975992.json
2026-05-10 17:06:52,837 | INFO | Parsed HTML -> C:\Users\sathv\OneDrive\Documents\data-sources\legal_scraper\parsed_json\property_rights\full_document_doc_98169561.json
2026-05-10 17:06:52,868 | INFO | Parsed HTML -> C:\Users\sathv\OneDrive\Documents\data-sources\legal_scraper\parsed_json\property_rights\full_document_doc_98853113.json
2026-05-10 17:06:52,918 | INFO | Parsed HTML -> C:\Users\sathv\OneDrive\Documents\data-sources\legal_scraper\parsed_json\property_rights\full_document_doc_99622088.json
2026-05-10 17:06:52,932 | INFO | Parsed HTML -> C:\Users\sathv\OneDrive\Documents\data-sources\legal_scraper\parsed_json\property_rights\limitation_act_section_18.json
2026-05-10 17:06:52,947 | INFO | Parsed HTML -> C:\Users\sathv\OneDrive\Documents\data-sources\legal_scraper\parsed_json\property_rights\limitation_act_section_27.json
2026-05-10 17:06:53,103 | INFO | Parsed HTML -> C:\Users\sathv\OneDrive\Documents\data-sources\legal_scraper\parsed_json\property_rights\property_rights_full_document_1.json
2026-05-10 17:06:53,117 | INFO | Parsed HTML -> C:\Users\sathv\OneDrive\Documents\data-sources\legal_scraper\parsed_json\property_rights\registration_act_section_49.json
2026-05-10 17:06:53,133 | INFO | Parsed HTML -> C:\Users\sathv\OneDrive\Documents\data-sources\legal_scraper\parsed_json\property_rights\section_106_in_the_transfer_of_property_act_1882.json
2026-05-10 17:06:53,148 | INFO | Parsed HTML -> C:\Users\sathv\OneDrive\Documents\data-sources\legal_scraper\parsed_json\property_rights\section_106_in_the_transfer_of_property_act_1882_doc_80042.json
2026-05-10 17:06:53,162 | INFO | Parsed HTML -> C:\Users\sathv\OneDrive\Documents\data-sources\legal_scraper\parsed_json\property_rights\section_108_in_the_transfer_of_property_act_1882.json
2026-05-10 17:06:53,174 | INFO | Parsed HTML -> C:\Users\sathv\OneDrive\Documents\data-sources\legal_scraper\parsed_json\property_rights\section_108_in_the_transfer_of_property_act_1882_doc_1879190.json
2026-05-10 17:06:53,187 | INFO | Parsed HTML -> C:\Users\sathv\OneDrive\Documents\data-sources\legal_scraper\parsed_json\property_rights\section_124_in_the_transfer_of_property_act_1882.json
2026-05-10 17:06:53,202 | INFO | Parsed HTML -> C:\Users\sathv\OneDrive\Documents\data-sources\legal_scraper\parsed_json\property_rights\section_124_in_the_transfer_of_property_act_1882_doc_1601260.json
2026-05-10 17:06:53,217 | INFO | Parsed HTML -> C:\Users\sathv\OneDrive\Documents\data-sources\legal_scraper\parsed_json\property_rights\section_133_in_the_transfer_of_property_act_1882.json
2026-05-10 17:06:53,238 | INFO | Parsed HTML -> C:\Users\sathv\OneDrive\Documents\data-sources\legal_scraper\parsed_json\property_rights\section_133_in_the_transfer_of_property_act_1882_doc_1906948.json
2026-05-10 17:06:53,282 | INFO | Parsed HTML -> C:\Users\sathv\OneDrive\Documents\data-sources\legal_scraper\parsed_json\property_rights\section_17_in_the_income_tax_act_1961.json
2026-05-10 17:06:53,331 | INFO | Parsed HTML -> C:\Users\sathv\OneDrive\Documents\data-sources\legal_scraper\parsed_json\property_rights\section_17_in_the_income_tax_act_1961_doc_938899.json
2026-05-10 17:06:53,350 | INFO | Parsed HTML -> C:\Users\sathv\OneDrive\Documents\data-sources\legal_scraper\parsed_json\property_rights\section_18_in_the_limitation_act_1963.json
2026-05-10 17:06:53,379 | INFO | Parsed HTML -> C:\Users\sathv\OneDrive\Documents\data-sources\legal_scraper\parsed_json\property_rights\section_18_in_the_limitation_act_1963_doc_85586.json
2026-05-10 17:06:53,393 | INFO | Parsed HTML -> C:\Users\sathv\OneDrive\Documents\data-sources\legal_scraper\parsed_json\property_rights\section_27_in_the_limitation_act_1963.json
2026-05-10 17:06:53,449 | INFO | Parsed HTML -> C:\Users\sathv\OneDrive\Documents\data-sources\legal_scraper\parsed_json\property_rights\section_27_in_the_limitation_act_1963_doc_1223371.json
2026-05-10 17:06:53,465 | INFO | Parsed HTML -> C:\Users\sathv\OneDrive\Documents\data-sources\legal_scraper\parsed_json\property_rights\section_2_in_the_commercial_courts_commercial_division_and_commercial_appellate_division_of_high_courts_act_2015.json
2026-05-10 17:06:53,479 | INFO | Parsed HTML -> C:\Users\sathv\OneDrive\Documents\data-sources\legal_scraper\parsed_json\property_rights\section_2_in_the_commercial_courts_commercial_division_and_commercial_appellate_division_of_high_courts_act_2015_doc_117655670.json
2026-05-10 17:06:53,490 | INFO | Parsed HTML -> C:\Users\sathv\OneDrive\Documents\data-sources\legal_scraper\parsed_json\property_rights\section_2_in_the_government_grants_act_1895.json
2026-05-10 17:06:53,500 | INFO | Parsed HTML -> C:\Users\sathv\OneDrive\Documents\data-sources\legal_scraper\parsed_json\property_rights\section_2_in_the_government_grants_act_1895_doc_907595.json
2026-05-10 17:06:53,511 | INFO | Parsed HTML -> C:\Users\sathv\OneDrive\Documents\data-sources\legal_scraper\parsed_json\property_rights\section_32_in_the_transfer_of_property_act_1882.json
2026-05-10 17:06:53,521 | INFO | Parsed HTML -> C:\Users\sathv\OneDrive\Documents\data-sources\legal_scraper\parsed_json\property_rights\section_32_in_the_transfer_of_property_act_1882_doc_324708.json
2026-05-10 17:06:53,535 | INFO | Parsed HTML -> C:\Users\sathv\OneDrive\Documents\data-sources\legal_scraper\parsed_json\property_rights\section_394_in_the_companies_act_1956.json
2026-05-10 17:06:53,551 | INFO | Parsed HTML -> C:\Users\sathv\OneDrive\Documents\data-sources\legal_scraper\parsed_json\property_rights\section_394_in_the_companies_act_1956_doc_301194.json
2026-05-10 17:06:53,571 | INFO | Parsed HTML -> C:\Users\sathv\OneDrive\Documents\data-sources\legal_scraper\parsed_json\property_rights\section_3_in_the_competition_act_2002.json
2026-05-10 17:06:53,588 | INFO | Parsed HTML -> C:\Users\sathv\OneDrive\Documents\data-sources\legal_scraper\parsed_json\property_rights\section_3_in_the_competition_act_2002_doc_1153878.json
2026-05-10 17:06:53,604 | INFO | Parsed HTML -> C:\Users\sathv\OneDrive\Documents\data-sources\legal_scraper\parsed_json\property_rights\section_3_in_the_transfer_of_property_act_1882.json
2026-05-10 17:06:53,613 | INFO | Parsed HTML -> C:\Users\sathv\OneDrive\Documents\data-sources\legal_scraper\parsed_json\property_rights\section_3_in_the_transfer_of_property_act_1882_doc_1345438.json
2026-05-10 17:06:53,624 | INFO | Parsed HTML -> C:\Users\sathv\OneDrive\Documents\data-sources\legal_scraper\parsed_json\property_rights\section_41_in_the_transfer_of_property_act_1882.json
2026-05-10 17:06:53,638 | INFO | Parsed HTML -> C:\Users\sathv\OneDrive\Documents\data-sources\legal_scraper\parsed_json\property_rights\section_41_in_the_transfer_of_property_act_1882_doc_584197.json
2026-05-10 17:06:53,654 | INFO | Parsed HTML -> C:\Users\sathv\OneDrive\Documents\data-sources\legal_scraper\parsed_json\property_rights\section_49_in_the_registration_act_1908.json
2026-05-10 17:06:53,669 | INFO | Parsed HTML -> C:\Users\sathv\OneDrive\Documents\data-sources\legal_scraper\parsed_json\property_rights\section_49_in_the_registration_act_1908_doc_1768154.json
2026-05-10 17:06:53,679 | INFO | Parsed HTML -> C:\Users\sathv\OneDrive\Documents\data-sources\legal_scraper\parsed_json\property_rights\section_52_in_the_transfer_of_property_act_1882.json
2026-05-10 17:06:53,691 | INFO | Parsed HTML -> C:\Users\sathv\OneDrive\Documents\data-sources\legal_scraper\parsed_json\property_rights\section_52_in_the_transfer_of_property_act_1882_doc_1634925.json
2026-05-10 17:06:53,706 | INFO | Parsed HTML -> C:\Users\sathv\OneDrive\Documents\data-sources\legal_scraper\parsed_json\property_rights\section_53a_in_the_transfer_of_property_act_1882.json
2026-05-10 17:06:53,718 | INFO | Parsed HTML -> C:\Users\sathv\OneDrive\Documents\data-sources\legal_scraper\parsed_json\property_rights\section_53a_in_the_transfer_of_property_act_1882_doc_221518.json
2026-05-10 17:06:53,735 | INFO | Parsed HTML -> C:\Users\sathv\OneDrive\Documents\data-sources\legal_scraper\parsed_json\property_rights\section_53_in_the_transfer_of_property_act_1882.json
2026-05-10 17:06:53,747 | INFO | Parsed HTML -> C:\Users\sathv\OneDrive\Documents\data-sources\legal_scraper\parsed_json\property_rights\section_53_in_the_transfer_of_property_act_1882_doc_1693670.json
2026-05-10 17:06:53,760 | INFO | Parsed HTML -> C:\Users\sathv\OneDrive\Documents\data-sources\legal_scraper\parsed_json\property_rights\section_54_in_the_transfer_of_property_act_1882.json
2026-05-10 17:06:53,770 | INFO | Parsed HTML -> C:\Users\sathv\OneDrive\Documents\data-sources\legal_scraper\parsed_json\property_rights\section_54_in_the_transfer_of_property_act_1882_doc_613871.json
2026-05-10 17:06:53,780 | INFO | Parsed HTML -> C:\Users\sathv\OneDrive\Documents\data-sources\legal_scraper\parsed_json\property_rights\section_5_in_the_hindu_women_s_rights_to_property_act_1937.json
2026-05-10 17:06:53,794 | INFO | Parsed HTML -> C:\Users\sathv\OneDrive\Documents\data-sources\legal_scraper\parsed_json\property_rights\section_5_in_the_hindu_women_s_rights_to_property_act_1937_doc_94477507.json
2026-05-10 17:06:53,806 | INFO | Parsed HTML -> C:\Users\sathv\OneDrive\Documents\data-sources\legal_scraper\parsed_json\property_rights\section_85_in_the_transfer_of_property_act_1882.json
2026-05-10 17:06:53,815 | INFO | Parsed HTML -> C:\Users\sathv\OneDrive\Documents\data-sources\legal_scraper\parsed_json\property_rights\section_85_in_the_transfer_of_property_act_1882_doc_149328.json
2026-05-10 17:06:53,825 | INFO | Parsed HTML -> C:\Users\sathv\OneDrive\Documents\data-sources\legal_scraper\parsed_json\property_rights\section_88_in_bihar_reorganisation_act_2000.json
2026-05-10 17:06:53,836 | INFO | Parsed HTML -> C:\Users\sathv\OneDrive\Documents\data-sources\legal_scraper\parsed_json\property_rights\section_88_in_bihar_reorganisation_act_2000_doc_569629.json
2026-05-10 17:06:53,849 | INFO | Parsed HTML -> C:\Users\sathv\OneDrive\Documents\data-sources\legal_scraper\parsed_json\property_rights\section_90_in_the_transfer_of_property_act_1882.json
2026-05-10 17:06:53,858 | INFO | Parsed HTML -> C:\Users\sathv\OneDrive\Documents\data-sources\legal_scraper\parsed_json\property_rights\section_90_in_the_transfer_of_property_act_1882_doc_24975403.json
2026-05-10 17:06:53,878 | INFO | Parsed HTML -> C:\Users\sathv\OneDrive\Documents\data-sources\legal_scraper\parsed_json\property_rights\section_9_in_the_income_tax_act_1961.json
2026-05-10 17:06:53,904 | INFO | Parsed HTML -> C:\Users\sathv\OneDrive\Documents\data-sources\legal_scraper\parsed_json\property_rights\section_9_in_the_income_tax_act_1961_doc_1369261.json
2026-05-10 17:06:54,008 | INFO | Parsed HTML -> C:\Users\sathv\OneDrive\Documents\data-sources\legal_scraper\parsed_json\property_rights\transfer_of_property_act_1977.json
2026-05-10 17:06:54,139 | INFO | Parsed HTML -> C:\Users\sathv\OneDrive\Documents\data-sources\legal_scraper\parsed_json\property_rights\transfer_of_property_act_1977_doc_3482533.json
2026-05-10 17:06:54,152 | INFO | Parsed HTML -> C:\Users\sathv\OneDrive\Documents\data-sources\legal_scraper\parsed_json\property_rights\transfer_of_property_act_section_106.json
2026-05-10 17:06:54,167 | INFO | Parsed HTML -> C:\Users\sathv\OneDrive\Documents\data-sources\legal_scraper\parsed_json\property_rights\transfer_of_property_act_section_108.json
2026-05-10 17:06:54,180 | INFO | Parsed HTML -> C:\Users\sathv\OneDrive\Documents\data-sources\legal_scraper\parsed_json\property_rights\transfer_of_property_act_section_52.json
2026-05-10 17:06:54,190 | INFO | Parsed HTML -> C:\Users\sathv\OneDrive\Documents\data-sources\legal_scraper\parsed_json\property_rights\transfer_of_property_act_section_53a.json
2026-05-10 17:06:54,201 | INFO | Parsed HTML -> C:\Users\sathv\OneDrive\Documents\data-sources\legal_scraper\parsed_json\property_rights\transfer_of_property_act_section_54.json
2026-05-10 17:06:54,902 | INFO | Parsed PDF -> C:\Users\sathv\OneDrive\Documents\data-sources\legal_scraper\parsed_json\property_rights\constitution_2.json
2026-05-10 17:06:55,632 | INFO | Parsed PDF -> C:\Users\sathv\OneDrive\Documents\data-sources\legal_scraper\parsed_json\property_rights\constitution_doc_237570_2.json
2026-05-10 17:06:55,633 | INFO | Finished parsing. HTML files: 179 | PDF files: 2
